1-my_list module:
=================

>>> MyList = __import__('1-my_list').MyList
>>> lista = MyList()
>>> isinstance(lista, MyList)
True

>>> my_list = MyList()
>>> my_list.append(1)
>>> my_list.append(3)
>>> my_list.append(2)
>>> print(my_list)
[1, 3, 2]
>>> my_list.print_sorted()
[1, 2, 3]
>>> print(my_list)
[1, 3, 2]

>>> my_list = MyList(range(5))
>>> my_list.append(-1)
>>> my_list.print_sorted()
[-1, 0, 1, 2, 3, 4]

>>> my_list = MyList()
>>> my_list.print_sorted()
[]

>>> my_list = MyList(-2)
Traceback (most recent call last):
...
TypeError: 'int' object is not iterable

>>> my_list = MyList(2.5)
Traceback (most recent call last):
...
TypeError: 'float' object is not iterable

>>> my_list = MyList(None)
Traceback (most recent call last):
...
TypeError: 'NoneType' object is not iterable

>>> my_list = MyList(True)
Traceback (most recent call last):
...
TypeError: 'bool' object is not iterable
