>>> say_my_name = __import__("3-say_my_name").say_my_name

=======================================================================

Traceback (most recent call last):
TypeError: first_name must be a string

=======================================================================

>>> say_my_name(1)
Traceback (most recent call last):
TypeError: first_name must be a string

>>> say_my_name()
Traceback (most recent call last):
...
TypeError: say_my_name() missing 1 required positional argument: 'first_name'


>>> say_my_name((1))
Traceback (most recent call last):
TypeError: first_name must be a string

>>> say_my_name("notrebloh", "School")
My name is notrebloh School

>>> say_my_name(None, "notrebloh")
Traceback (most recent call last):
TypeError: first_name must be a string

>>> say_my_name([], "notrebloh")
Traceback (most recent call last):
TypeError: first_name must be a string

>>> say_my_name({}, "notrebloh")
Traceback (most recent call last):
TypeError: first_name must be a string

>>> say_my_name((1,), "notrebloh")
Traceback (most recent call last):
TypeError: first_name must be a string

>>> say_my_name(None, "notrebloh")
Traceback (most recent call last):
TypeError: first_name must be a string

>>> say_my_name([[], [], []], "notrebloh")
Traceback (most recent call last):
TypeError: first_name must be a string

>>> say_my_name([[6, 6, 6], [6, 6, 6], [6, 6, 6]], "notrebloh")
Traceback (most recent call last):
TypeError: first_name must be a string

>>> say_my_name([[6], [6, 6], [6, 6, 6]], "notrebloh")
Traceback (most recent call last):
TypeError: first_name must be a string

>>> say_my_name([[6], [6, 6], [6]], "notrebloh")
Traceback (most recent call last):
TypeError: first_name must be a string


=======================================================================
Traceback (most recent call last):
TypeError: last_name must be a string

=======================================================================


>>> say_my_name("notrebloh", 1)
Traceback (most recent call last):
TypeError: last_name must be a string

>>> say_my_name("notrebloh", (1))
Traceback (most recent call last):
TypeError: last_name must be a string

>>> say_my_name("notrebloh", None)
Traceback (most recent call last):
TypeError: last_name must be a string

>>> say_my_name("notrebloh", [])
Traceback (most recent call last):
TypeError: last_name must be a string

>>> say_my_name("notrebloh", {})
Traceback (most recent call last):
TypeError: last_name must be a string

>>> say_my_name("notrebloh", (1,))
Traceback (most recent call last):
TypeError: last_name must be a string

>>> say_my_name("notrebloh", [[], [], []])
Traceback (most recent call last):
TypeError: last_name must be a string

>>> say_my_name("notrebloh", [[6, 6, 6], [6, 6, 6], [6, 6, 6]])
Traceback (most recent call last):
TypeError: last_name must be a string

>>> say_my_name("notrebloh", [[6], [6, 6], [6, 6, 6]])
Traceback (most recent call last):
TypeError: last_name must be a string

>>> say_my_name("notrebloh", [[6], [6, 6], [6]])
Traceback (most recent call last):
TypeError: last_name must be a string
